ô“Õ®–T
πT{"Root":{"Path":"/","CreatedIndex":0,"ModifiedIndex":0,"ExpireTime":"0001-01-01T00:00:00Z","Value":"","Children":{"0":{"Path":"/0","CreatedIndex":0,"ModifiedIndex":0,"ExpireTime":"0001-01-01T00:00:00Z","Value":"","Children":{"members":{"Path":"/0/members","CreatedIndex":1,"ModifiedIndex":1,"ExpireTime":"0001-01-01T00:00:00Z","Value":"","Children":{"51cc720fdd39e048":{"Path":"/0/members/51cc720fdd39e048","CreatedIndex":1,"ModifiedIndex":1,"ExpireTime":"0001-01-01T00:00:00Z","Value":"","Children":{"attributes":{"Path":"/0/members/51cc720fdd39e048/attributes","CreatedIndex":13,"ModifiedIndex":13,"ExpireTime":"0001-01-01T00:00:00Z","Value":"{\"name\":\"openshift.local\",\"clientURLs\":[\"https://127.0.0.1:4001\"]}","Children":null},"raftAttributes":{"Path":"/0/members/51cc720fdd39e048/raftAttributes","CreatedIndex":1,"ModifiedIndex":1,"ExpireTime":"0001-01-01T00:00:00Z","Value":"{\"peerURLs\":[\"https://127.0.0.1:7001\"]}","Children":null}}}}},"version":{"Path":"/0/version","CreatedIndex":3,"ModifiedIndex":3,"ExpireTime":"0001-01-01T00:00:00Z","Value":"3.2.0","Children":null}}},"1":{"Path":"/1","CreatedIndex":0,"ModifiedIndex":0,"ExpireTime":"0001-01-01T00:00:00Z","Value":"","Children":{}}}},"WatcherHub":{"EventHistory":{"Queue":{"Events":[{"action":"create","node":{"key":"/0/members/51cc720fdd39e048/raftAttributes","value":"{\"peerURLs\":[\"https://127.0.0.1:7001\"]}","modifiedIndex":1,"createdIndex":1}},{"action":"set","node":{"key":"/0/members/51cc720fdd39e048/attributes","value":"{\"name\":\"openshift.local\",\"clientURLs\":[\"https://127.0.0.1:4001\"]}","modifiedIndex":2,"createdIndex":2}},{"action":"set","node":{"key":"/0/version","value":"3.2.0","modifiedIndex":3,"createdIndex":3}},{"action":"set","node":{"key":"/0/members/51cc720fdd39e048/attributes","value":"{\"name\":\"openshift.local\",\"clientURLs\":[\"https://127.0.0.1:4001\"]}","modifiedIndex":4,"createdIndex":4},"prevNode":{"key":"/0/members/51cc720fdd39e048/attributes","value":"{\"name\":\"openshift.local\",\"clientURLs\":[\"https://127.0.0.1:4001\"]}","modifiedIndex":2,"createdIndex":2}},{"action":"set","node":{"key":"/0/members/51cc720fdd39e048/attributes","value":"{\"name\":\"openshift.local\",\"clientURLs\":[\"https://127.0.0.1:4001\"]}","modifiedIndex":5,"createdIndex":5},"prevNode":{"key":"/0/members/51cc720fdd39e048/attributes","value":"{\"name\":\"openshift.local\",\"clientURLs\":[\"https://127.0.0.1:4001\"]}","modifiedIndex":4,"createdIndex":4}},{"action":"set","node":{"key":"/0/members/51cc720fdd39e048/attributes","value":"{\"name\":\"openshift.local\",\"clientURLs\":[\"https://127.0.0.1:4001\"]}","modifiedIndex":6,"createdIndex":6},"prevNode":{"key":"/0/members/51cc720fdd39e048/attributes","value":"{\"name\":\"openshift.local\",\"clientURLs\":[\"https://127.0.0.1:4001\"]}","modifiedIndex":5,"createdIndex":5}},{"action":"set","node":{"key":"/0/members/51cc720fdd39e048/attributes","value":"{\"name\":\"openshift.local\",\"clientURLs\":[\"https://127.0.0.1:4001\"]}","modifiedIndex":7,"createdIndex":7},"prevNode":{"key":"/0/members/51cc720fdd39e048/attributes","value":"{\"name\":\"openshift.local\",\"clientURLs\":[\"https://127.0.0.1:4001\"]}","modifiedIndex":6,"createdIndex":6}},{"action":"set","node":{"key":"/0/members/51cc720fdd39e048/attributes","value":"{\"name\":\"openshift.local\",\"clientURLs\":[\"https://127.0.0.1:4001\"]}","modifiedIndex":8,"createdIndex":8},"prevNode":{"key":"/0/members/51cc720fdd39e048/attributes","value":"{\"name\":\"openshift.local\",\"clientURLs\":[\"https://127.0.0.1:4001\"]}","modifiedIndex":7,"createdIndex":7}},{"action":"set","node":{"key":"/0/members/51cc720fdd39e048/attributes","value":"{\"name\":\"openshift.local\",\"clientURLs\":[\"https://127.0.0.1:4001\"]}","modifiedIndex":9,"createdIndex":9},"prevNode":{"key":"/0/members/51cc720fdd39e048/attributes","value":"{\"name\":\"openshift.local\",\"clientURLs\":[\"https://127.0.0.1:4001\"]}","modifiedIndex":8,"createdIndex":8}},{"action":"set","node":{"key":"/0/members/51cc720fdd39e048/attributes","value":"{\"name\":\"openshift.local\",\"clientURLs\":[\"https://127.0.0.1:4001\"]}","modifiedIndex":10,"createdIndex":10},"prevNode":{"key":"/0/members/51cc720fdd39e048/attributes","value":"{\"name\":\"openshift.local\",\"clientURLs\":[\"https://127.0.0.1:4001\"]}","modifiedIndex":9,"createdIndex":9}},{"action":"set","node":{"key":"/0/members/51cc720fdd39e048/attributes","value":"{\"name\":\"openshift.local\",\"clientURLs\":[\"https://127.0.0.1:4001\"]}","modifiedIndex":11,"createdIndex":11},"prevNode":{"key":"/0/members/51cc720fdd39e048/attributes","value":"{\"name\":\"openshift.local\",\"clientURLs\":[\"https://127.0.0.1:4001\"]}","modifiedIndex":10,"createdIndex":10}},{"action":"set","node":{"key":"/0/members/51cc720fdd39e048/attributes","value":"{\"name\":\"openshift.local\",\"clientURLs\":[\"https://127.0.0.1:4001\"]}","modifiedIndex":12,"createdIndex":12},"prevNode":{"key":"/0/members/51cc720fdd39e048/attributes","value":"{\"name\":\"openshift.local\",\"clientURLs\":[\"https://127.0.0.1:4001\"]}","modifiedIndex":11,"createdIndex":11}},{"action":"set","node":{"key":"/0/members/51cc720fdd39e048/attributes","value":"{\"name\":\"openshift.local\",\"clientURLs\":[\"https://127.0.0.1:4001\"]}","modifiedIndex":13,"createdIndex":13},"prevNode":{"key":"/0/members/51cc720fdd39e048/attributes","value":"{\"name\":\"openshift.local\",\"clientURLs\":[\"https://127.0.0.1:4001\"]}","modifiedIndex":12,"createdIndex":12}},null,null,null,null,null,null,null,null,null,null,null,null,null,null,null,null,null,null,null,null,null,null,null,null,null,null,null,null,null,null,null,null,null,null,null,null,null,null,null,null,null,null,null,null,null,null,null,null,null,null,null,null,null,null,null,null,null,null,null,null,null,null,null,null,null,null,null,null,null,null,null,null,null,null,null,null,null,null,null,null,null,null,null,null,null,null,null,null,null,null,null,null,null,null,null,null,null,null,null,null,null,null,null,null,null,null,null,null,null,null,null,null,null,null,null,null,null,null,null,null,null,null,null,null,null,null,null,null,null,null,null,null,null,null,null,null,null,null,null,null,null,null,null,null,null,null,null,null,null,null,null,null,null,null,null,null,null,null,null,null,null,null,null,null,null,null,null,null,null,null,null,null,null,null,null,null,null,null,null,null,null,null,null,null,null,null,null,null,null,null,null,null,null,null,null,null,null,null,null,null,null,null,null,null,null,null,null,null,null,null,null,null,null,null,null,null,null,null,null,null,null,null,null,null,null,null,null,null,null,null,null,null,null,null,null,null,null,null,null,null,null,null,null,null,null,null,null,null,null,null,null,null,null,null,null,null,null,null,null,null,null,null,null,null,null,null,null,null,null,null,null,null,null,null,null,null,null,null,null,null,null,null,null,null,null,null,null,null,null,null,null,null,null,null,null,null,null,null,null,null,null,null,null,null,null,null,null,null,null,null,null,null,null,null,null,null,null,null,null,null,null,null,null,null,null,null,null,null,null,null,null,null,null,null,null,null,null,null,null,null,null,null,null,null,null,null,null,null,null,null,null,null,null,null,null,null,null,null,null,null,null,null,null,null,null,null,null,null,null,null,null,null,null,null,null,null,null,null,null,null,null,null,null,null,null,null,null,null,null,null,null,null,null,null,null,null,null,null,null,null,null,null,null,null,null,null,null,null,null,null,null,null,null,null,null,null,null,null,null,null,null,null,null,null,null,null,null,null,null,null,null,null,null,null,null,null,null,null,null,null,null,null,null,null,null,null,null,null,null,null,null,null,null,null,null,null,null,null,null,null,null,null,null,null,null,null,null,null,null,null,null,null,null,null,null,null,null,null,null,null,null,null,null,null,null,null,null,null,null,null,null,null,null,null,null,null,null,null,null,null,null,null,null,null,null,null,null,null,null,null,null,null,null,null,null,null,null,null,null,null,null,null,null,null,null,null,null,null,null,null,null,null,null,null,null,null,null,null,null,null,null,null,null,null,null,null,null,null,null,null,null,null,null,null,null,null,null,null,null,null,null,null,null,null,null,null,null,null,null,null,null,null,null,null,null,null,null,null,null,null,null,null,null,null,null,null,null,null,null,null,null,null,null,null,null,null,null,null,null,null,null,null,null,null,null,null,null,null,null,null,null,null,null,null,null,null,null,null,null,null,null,null,null,null,null,null,null,null,null,null,null,null,null,null,null,null,null,null,null,null,null,null,null,null,null,null,null,null,null,null,null,null,null,null,null,null,null,null,null,null,null,null,null,null,null,null,null,null,null,null,null,null,null,null,null,null,null,null,null,null,null,null,null,null,null,null,null,null,null,null,null,null,null,null,null,null,null,null,null,null,null,null,null,null,null,null,null,null,null,null,null,null,null,null,null,null,null,null,null,null,null,null,null,null,null,null,null,null,null,null,null,null,null,null,null,null,null,null,null,null,null,null,null,null,null,null,null,null,null,null,null,null,null,null,null,null,null,null,null,null,null,null,null,null,null,null,null,null,null,null,null,null,null,null,null,null,null,null,null,null,null,null,null,null,null,null,null,null,null,null,null,null,null,null,null,null,null,null,null,null,null,null,null,null,null,null,null,null,null,null,null,null,null,null,null,null,null,null,null,null,null,null,null,null,null,null,null,null,null,null,null,null,null,null,null,null,null,null,null,null,null,null,null,null,null,null,null,null,null,null,null,null,null,null,null,null,null,null,null,null,null,null,null,null,null,null,null,null,null,null,null,null,null,null,null,null,null,null,null,null,null,null,null,null,null,null,null,null,null,null,null,null,null,null,null,null,null,null,null,null,null,null,null,null,null,null,null,null,null,null,null,null,null,null,null,null,null,null,null,null,null,null,null,null,null,null,null,null,null,null,null,null,null,null,null,null,null,null,null,null,null,null,null,null,null,null,null,null,null,null,null,null,null,null,null,null,null,null,null,null,null,null,null,null,null,null,null,null,null,null,null,null,null,null,null,null,null,null,null,null,null,null,null,null,null,null,null],"Size":13,"Front":0,"Back":13,"Capacity":1000},"StartIndex":1,"LastIndex":13}},"CurrentIndex":13,"Stats":{"getsSuccess":4,"getsFail":5,"setsSuccess":12,"setsFail":0,"deleteSuccess":0,"deleteFail":0,"updateSuccess":0,"updateFail":0,"createSuccess":1,"createFail":0,"compareAndSwapSuccess":0,"compareAndSwapFail":0,"compareAndDeleteSuccess":0,"compareAndDeleteFail":0,"expireCount":0,"watchers":0},"CurrentVersion":2}

»¿ÁÈ˝¡úÊQ„ß